// Jest Snapshot v1, https://goo.gl/fbAQLP

exports[`test en mi <AppRouter /> should shows login screeem if it is not auteticated 1`] = `
<div>
  <div
    className="container mt-5"
  >
    <h1>
      Login
    </h1>
    <hr />
    <button
      className="btn btn-secondary"
      onClick={[Function]}
    >
      Login
    </button>
  </div>
</div>
`;
