// Jest Snapshot v1, https://goo.gl/fbAQLP

exports[`test component <HeroScreen /> should shows itself correctly  1`] = `""`;
